2026-09-12 10:52:50,422 - aqt.main - INFO - installer 140156094936960 aqtinstall(aqt) v3.3.0 on Python 3.13.5 [CPython GCC 14.2.0]
2026-09-12 10:52:50,422 - aqt.main - WARNING - installer 140156094936960 You are installing the android version of Qt, which requires that the desktop version of Qt is also installed. You can install it with the following command:
          `aqt install-qt linux desktop 6.8.2 linux_gcc_64`
2026-09-12 10:52:50,422 - aqt.helper - DEBUG - helper 140156094936960 Attempt to download checksum at https://download.qt.io/online/qtsdkrepository/all_os/android/qt6_682/qt6_682_arm64_v8a/Updates.xml.sha256
2026-09-12 10:52:51,066 - aqt.helper - DEBUG - helper 140156094936960 Attempt to download checksum at https://download.qt.io/online/qtsdkrepository/all_os/extensions/qtwebengine/682/android_arm64_v8a/Updates.xml.sha256
2026-09-12 10:52:51,386 - aqt.helper - DEBUG - helper 140156094936960 Attempt to download checksum at https://download.qt.io/online/qtsdkrepository/all_os/extensions/qtwebengine/682/android_arm64_v8a/Updates.xml.sha256
2026-09-12 10:52:51,699 - aqt.helper - DEBUG - helper 140156094936960 Attempt to download checksum at https://download.qt.io/online/qtsdkrepository/all_os/extensions/qtwebengine/682/android_arm64_v8a/Updates.xml.sha256
2026-09-12 10:52:52,013 - aqt.helper - DEBUG - helper 140156094936960 Attempt to download checksum at https://download.qt.io/online/qtsdkrepository/all_os/extensions/qtwebengine/682/android_arm64_v8a/Updates.xml.sha256
2026-09-12 10:52:52,321 - aqt.helper - DEBUG - helper 140156094936960 Attempt to download checksum at https://download.qt.io/online/qtsdkrepository/all_os/extensions/qtwebengine/682/android_arm64_v8a/Updates.xml.sha256
2026-09-12 10:52:52,631 - aqt.helper - DEBUG - helper 140156094936960 Attempt to download checksum at https://download.qt.io/online/qtsdkrepository/all_os/extensions/qtpdf/682/android_arm64_v8a/Updates.xml.sha256
2026-09-12 10:52:52,945 - aqt.helper - DEBUG - helper 140156094936960 Attempt to download checksum at https://download.qt.io/online/qtsdkrepository/all_os/extensions/qtpdf/682/android_arm64_v8a/Updates.xml.sha256
2026-09-12 10:52:53,370 - aqt.helper - DEBUG - helper 140156094936960 Attempt to download checksum at https://download.qt.io/online/qtsdkrepository/all_os/extensions/qtpdf/682/android_arm64_v8a/Updates.xml.sha256
2026-09-12 10:52:53,684 - aqt.helper - DEBUG - helper 140156094936960 Attempt to download checksum at https://download.qt.io/online/qtsdkrepository/all_os/extensions/qtpdf/682/android_arm64_v8a/Updates.xml.sha256
2026-09-12 10:52:53,991 - aqt.helper - DEBUG - helper 140156094936960 Attempt to download checksum at https://download.qt.io/online/qtsdkrepository/all_os/extensions/qtpdf/682/android_arm64_v8a/Updates.xml.sha256
2026-09-12 10:52:54,504 - aqt.helper - DEBUG - helper 140176761603968 Attempt to download checksum at https://download.qt.io/online/qtsdkrepository/all_os/android/qt6_682/qt6_682_arm64_v8a/qt.qt6.682.addons.qtmultimedia.android_arm64_v8a/6.8.2-0-202501260838qtmultimedia-MacOS-MacOS_13-Clang-Android-Android_ANY-ARM64.7z.sha256
2026-09-12 10:52:54,511 - aqt.helper - DEBUG - helper 140003937445760 Attempt to download checksum at https://download.qt.io/online/qtsdkrepository/all_os/android/qt6_682/qt6_682_arm64_v8a/qt.qt6.682.addons.qtshadertools.android_arm64_v8a/6.8.2-0-202501260838qtshadertools-MacOS-MacOS_13-Clang-Android-Android_ANY-ARM64.7z.sha256
2026-09-12 10:52:54,573 - aqt.helper - DEBUG - helper 140658829072256 Attempt to download checksum at https://download.qt.io/online/qtsdkrepository/all_os/android/qt6_682/qt6_682_arm64_v8a/qt.qt6.682.android_arm64_v8a/6.8.2-0-202501260838qtbase-MacOS-MacOS_13-Clang-Android-Android_ANY-ARM64.7z.sha256
2026-09-12 10:52:54,577 - aqt.helper - DEBUG - helper 140366172055424 Attempt to download checksum at https://download.qt.io/online/qtsdkrepository/all_os/android/qt6_682/qt6_682_arm64_v8a/qt.qt6.682.android_arm64_v8a/6.8.2-0-202501260838qtsvg-MacOS-MacOS_13-Clang-Android-Android_ANY-ARM64.7z.sha256
2026-09-12 10:52:54,826 - aqt.helper - INFO - helper 140176761603968 Downloading qtmultimedia...
2026-09-12 10:52:54,827 - aqt.installer - DEBUG - installer 140176761603968 Download URL: https://download.qt.io/online/qtsdkrepository/all_os/android/qt6_682/qt6_682_arm64_v8a/qt.qt6.682.addons.qtmultimedia.android_arm64_v8a/6.8.2-0-202501260838qtmultimedia-MacOS-MacOS_13-Clang-Android-Android_ANY-ARM64.7z
2026-09-12 10:52:54,829 - aqt.helper - INFO - helper 140003937445760 Downloading qtshadertools...
2026-09-12 10:52:54,829 - aqt.installer - DEBUG - installer 140003937445760 Download URL: https://download.qt.io/online/qtsdkrepository/all_os/android/qt6_682/qt6_682_arm64_v8a/qt.qt6.682.addons.qtshadertools.android_arm64_v8a/6.8.2-0-202501260838qtshadertools-MacOS-MacOS_13-Clang-Android-Android_ANY-ARM64.7z
2026-09-12 10:52:54,890 - aqt.helper - INFO - helper 140658829072256 Downloading qtbase...
2026-09-12 10:52:54,891 - aqt.installer - DEBUG - installer 140658829072256 Download URL: https://download.qt.io/online/qtsdkrepository/all_os/android/qt6_682/qt6_682_arm64_v8a/qt.qt6.682.android_arm64_v8a/6.8.2-0-202501260838qtbase-MacOS-MacOS_13-Clang-Android-Android_ANY-ARM64.7z
2026-09-12 10:52:54,896 - aqt.helper - INFO - helper 140366172055424 Downloading qtsvg...
2026-09-12 10:52:54,897 - aqt.installer - DEBUG - installer 140366172055424 Download URL: https://download.qt.io/online/qtsdkrepository/all_os/android/qt6_682/qt6_682_arm64_v8a/qt.qt6.682.android_arm64_v8a/6.8.2-0-202501260838qtsvg-MacOS-MacOS_13-Clang-Android-Android_ANY-ARM64.7z
2026-09-12 10:52:55,142 - aqt.helper - DEBUG - helper 140003937445760 Asked to redirect(302) to: https://ftp.fau.de/qtproject/online/qtsdkrepository/all_os/android/qt6_682/qt6_682_arm64_v8a/qt.qt6.682.addons.qtshadertools.android_arm64_v8a/6.8.2-0-202501260838qtshadertools-MacOS-MacOS_13-Clang-Android-Android_ANY-ARM64.7z
2026-09-12 10:52:55,142 - aqt.helper - INFO - helper 140003937445760 Redirected: ftp.fau.de
2026-09-12 10:52:55,142 - aqt.helper - DEBUG - helper 140176761603968 Asked to redirect(302) to: https://ftp.fau.de/qtproject/online/qtsdkrepository/all_os/android/qt6_682/qt6_682_arm64_v8a/qt.qt6.682.addons.qtmultimedia.android_arm64_v8a/6.8.2-0-202501260838qtmultimedia-MacOS-MacOS_13-Clang-Android-Android_ANY-ARM64.7z
2026-09-12 10:52:55,142 - aqt.helper - INFO - helper 140176761603968 Redirected: ftp.fau.de
2026-09-12 10:52:55,201 - aqt.helper - DEBUG - helper 140658829072256 Asked to redirect(302) to: https://ftp.fau.de/qtproject/online/qtsdkrepository/all_os/android/qt6_682/qt6_682_arm64_v8a/qt.qt6.682.android_arm64_v8a/6.8.2-0-202501260838qtbase-MacOS-MacOS_13-Clang-Android-Android_ANY-ARM64.7z
2026-09-12 10:52:55,201 - aqt.helper - INFO - helper 140658829072256 Redirected: ftp.fau.de
2026-09-12 10:52:55,222 - aqt.helper - DEBUG - helper 140366172055424 Asked to redirect(302) to: https://ftp.fau.de/qtproject/online/qtsdkrepository/all_os/android/qt6_682/qt6_682_arm64_v8a/qt.qt6.682.android_arm64_v8a/6.8.2-0-202501260838qtsvg-MacOS-MacOS_13-Clang-Android-Android_ANY-ARM64.7z
2026-09-12 10:52:55,222 - aqt.helper - INFO - helper 140366172055424 Redirected: ftp.fau.de
2026-09-12 10:52:55,675 - aqt.installer - INFO - installer 140366172055424 Finished installation of qtsvg-MacOS-MacOS_13-Clang-Android-Android_ANY-ARM64.7z in 1.09965976
2026-09-12 10:52:55,688 - aqt.helper - DEBUG - helper 140366172055424 Attempt to download checksum at https://download.qt.io/online/qtsdkrepository/all_os/android/qt6_682/qt6_682_arm64_v8a/qt.qt6.682.android_arm64_v8a/6.8.2-0-202501260838qtdeclarative-MacOS-MacOS_13-Clang-Android-Android_ANY-ARM64.7z.sha256
2026-09-12 10:52:55,785 - aqt.installer - INFO - installer 140003937445760 Finished installation of qtshadertools-MacOS-MacOS_13-Clang-Android-Android_ANY-ARM64.7z in 1.27678367
2026-09-12 10:52:55,803 - aqt.helper - DEBUG - helper 140003937445760 Attempt to download checksum at https://download.qt.io/online/qtsdkrepository/all_os/android/qt6_682/qt6_682_arm64_v8a/qt.qt6.682.android_arm64_v8a/6.8.2-0-202501260838qttools-MacOS-MacOS_13-Clang-Android-Android_ANY-ARM64.7z.sha256
2026-09-12 10:52:56,171 - aqt.helper - INFO - helper 140366172055424 Downloading qtdeclarative...
2026-09-12 10:52:56,171 - aqt.installer - DEBUG - installer 140366172055424 Download URL: https://download.qt.io/online/qtsdkrepository/all_os/android/qt6_682/qt6_682_arm64_v8a/qt.qt6.682.android_arm64_v8a/6.8.2-0-202501260838qtdeclarative-MacOS-MacOS_13-Clang-Android-Android_ANY-ARM64.7z
2026-09-12 10:52:56,321 - aqt.helper - INFO - helper 140003937445760 Downloading qttools...
2026-09-12 10:52:56,322 - aqt.installer - DEBUG - installer 140003937445760 Download URL: https://download.qt.io/online/qtsdkrepository/all_os/android/qt6_682/qt6_682_arm64_v8a/qt.qt6.682.android_arm64_v8a/6.8.2-0-202501260838qttools-MacOS-MacOS_13-Clang-Android-Android_ANY-ARM64.7z
2026-09-12 10:52:56,552 - aqt.helper - DEBUG - helper 140366172055424 Asked to redirect(302) to: https://ftp.fau.de/qtproject/online/qtsdkrepository/all_os/android/qt6_682/qt6_682_arm64_v8a/qt.qt6.682.android_arm64_v8a/6.8.2-0-202501260838qtdeclarative-MacOS-MacOS_13-Clang-Android-Android_ANY-ARM64.7z
2026-09-12 10:52:56,552 - aqt.helper - INFO - helper 140366172055424 Redirected: ftp.fau.de
2026-09-12 10:52:56,634 - aqt.helper - DEBUG - helper 140003937445760 Asked to redirect(302) to: https://ftp.fau.de/qtproject/online/qtsdkrepository/all_os/android/qt6_682/qt6_682_arm64_v8a/qt.qt6.682.android_arm64_v8a/6.8.2-0-202501260838qttools-MacOS-MacOS_13-Clang-Android-Android_ANY-ARM64.7z
2026-09-12 10:52:56,634 - aqt.helper - INFO - helper 140003937445760 Redirected: ftp.fau.de
2026-09-12 10:52:57,005 - aqt.installer - INFO - installer 140176761603968 Finished installation of qtmultimedia-MacOS-MacOS_13-Clang-Android-Android_ANY-ARM64.7z in 2.50325369
2026-09-12 10:52:57,024 - aqt.helper - DEBUG - helper 140176761603968 Attempt to download checksum at https://download.qt.io/online/qtsdkrepository/all_os/android/qt6_682/qt6_682_arm64_v8a/qt.qt6.682.android_arm64_v8a/6.8.2-0-202501260838qttranslations-MacOS-MacOS_13-Clang-Android-Android_ANY-ARM64.7z.sha256
2026-09-12 10:52:57,403 - aqt.helper - INFO - helper 140176761603968 Downloading qttranslations...
2026-09-12 10:52:57,403 - aqt.installer - DEBUG - installer 140176761603968 Download URL: https://download.qt.io/online/qtsdkrepository/all_os/android/qt6_682/qt6_682_arm64_v8a/qt.qt6.682.android_arm64_v8a/6.8.2-0-202501260838qttranslations-MacOS-MacOS_13-Clang-Android-Android_ANY-ARM64.7z
2026-09-12 10:52:57,794 - aqt.helper - DEBUG - helper 140176761603968 Asked to redirect(302) to: https://ftp.fau.de/qtproject/online/qtsdkrepository/all_os/android/qt6_682/qt6_682_arm64_v8a/qt.qt6.682.android_arm64_v8a/6.8.2-0-202501260838qttranslations-MacOS-MacOS_13-Clang-Android-Android_ANY-ARM64.7z
2026-09-12 10:52:57,794 - aqt.helper - INFO - helper 140176761603968 Redirected: ftp.fau.de
2026-09-12 10:52:58,490 - aqt.installer - INFO - installer 140003937445760 Finished installation of qttools-MacOS-MacOS_13-Clang-Android-Android_ANY-ARM64.7z in 2.68869560
2026-09-12 10:52:58,708 - aqt.installer - INFO - installer 140176761603968 Finished installation of qttranslations-MacOS-MacOS_13-Clang-Android-Android_ANY-ARM64.7z in 1.68753817
2026-09-12 10:52:58,789 - aqt.installer - INFO - installer 140658829072256 Finished installation of qtbase-MacOS-MacOS_13-Clang-Android-Android_ANY-ARM64.7z in 4.21916496
2026-09-12 10:53:01,023 - aqt.installer - INFO - installer 140366172055424 Finished installation of qtdeclarative-MacOS-MacOS_13-Clang-Android-Android_ANY-ARM64.7z in 5.33640820
2026-09-12 10:53:01,128 - aqt.updater - INFO - updater 140156094936960 Patching /home/angelo/giochi-coding/packaging/android/Qt/6.8.2/android_arm64_v8a/bin/qmake
2026-09-12 10:53:01,128 - aqt.updater - INFO - updater 140156094936960 Patching /home/angelo/giochi-coding/packaging/android/Qt/6.8.2/android_arm64_v8a/bin/qtpaths
2026-09-12 10:53:01,128 - aqt.updater - INFO - updater 140156094936960 Patching /home/angelo/giochi-coding/packaging/android/Qt/6.8.2/android_arm64_v8a/bin/qmake6
2026-09-12 10:53:01,129 - aqt.updater - INFO - updater 140156094936960 Patching /home/angelo/giochi-coding/packaging/android/Qt/6.8.2/android_arm64_v8a/bin/qtpaths6
2026-09-12 10:53:01,129 - aqt.updater - INFO - updater 140156094936960 Patching /home/angelo/giochi-coding/packaging/android/Qt/6.8.2/android_arm64_v8a/bin/target_qt.conf
2026-09-12 10:53:01,129 - aqt.main - INFO - installer 140156094936960 Finished installation
2026-09-12 10:53:01,129 - aqt.main - INFO - installer 140156094936960 Time elapsed: 10.70777407 second
2026-09-12 10:53:01,315 - aqt.main - INFO - installer 140277795673984 aqtinstall(aqt) v3.3.0 on Python 3.13.5 [CPython GCC 14.2.0]
2026-09-12 10:53:01,316 - aqt.main - WARNING - installer 140277795673984 You are installing the android version of Qt, which requires that the desktop version of Qt is also installed. You can install it with the following command:
          `aqt install-qt linux desktop 6.8.2 linux_gcc_64`
2026-09-12 10:53:01,316 - aqt.helper - DEBUG - helper 140277795673984 Attempt to download checksum at https://download.qt.io/online/qtsdkrepository/all_os/android/qt6_682/qt6_682_armv7/Updates.xml.sha256
2026-09-12 10:53:01,945 - aqt.helper - DEBUG - helper 140277795673984 Attempt to download checksum at https://download.qt.io/online/qtsdkrepository/all_os/extensions/qtwebengine/682/android_armv7/Updates.xml.sha256
2026-09-12 10:53:02,259 - aqt.helper - DEBUG - helper 140277795673984 Attempt to download checksum at https://download.qt.io/online/qtsdkrepository/all_os/extensions/qtwebengine/682/android_armv7/Updates.xml.sha256
2026-09-12 10:53:02,569 - aqt.helper - DEBUG - helper 140277795673984 Attempt to download checksum at https://download.qt.io/online/qtsdkrepository/all_os/extensions/qtwebengine/682/android_armv7/Updates.xml.sha256
2026-09-12 10:53:02,885 - aqt.helper - DEBUG - helper 140277795673984 Attempt to download checksum at https://download.qt.io/online/qtsdkrepository/all_os/extensions/qtwebengine/682/android_armv7/Updates.xml.sha256
2026-09-12 10:53:03,194 - aqt.helper - DEBUG - helper 140277795673984 Attempt to download checksum at https://download.qt.io/online/qtsdkrepository/all_os/extensions/qtwebengine/682/android_armv7/Updates.xml.sha256
2026-09-12 10:53:03,507 - aqt.helper - DEBUG - helper 140277795673984 Attempt to download checksum at https://download.qt.io/online/qtsdkrepository/all_os/extensions/qtpdf/682/android_armv7/Updates.xml.sha256
2026-09-12 10:53:03,821 - aqt.helper - DEBUG - helper 140277795673984 Attempt to download checksum at https://download.qt.io/online/qtsdkrepository/all_os/extensions/qtpdf/682/android_armv7/Updates.xml.sha256
2026-09-12 10:53:04,135 - aqt.helper - DEBUG - helper 140277795673984 Attempt to download checksum at https://download.qt.io/online/qtsdkrepository/all_os/extensions/qtpdf/682/android_armv7/Updates.xml.sha256
2026-09-12 10:53:04,445 - aqt.helper - DEBUG - helper 140277795673984 Attempt to download checksum at https://download.qt.io/online/qtsdkrepository/all_os/extensions/qtpdf/682/android_armv7/Updates.xml.sha256
2026-09-12 10:53:04,754 - aqt.helper - DEBUG - helper 140277795673984 Attempt to download checksum at https://download.qt.io/online/qtsdkrepository/all_os/extensions/qtpdf/682/android_armv7/Updates.xml.sha256
2026-09-12 10:53:05,246 - aqt.helper - DEBUG - helper 140400501761920 Attempt to download checksum at https://download.qt.io/online/qtsdkrepository/all_os/android/qt6_682/qt6_682_armv7/qt.qt6.682.addons.qtmultimedia.android_armv7/6.8.2-0-202501260838qtmultimedia-Windows-Windows_10_22H2-Clang-Android-Android_ANY-ARMv7.7z.sha256
2026-09-12 10:53:05,253 - aqt.helper - DEBUG - helper 140160552744832 Attempt to download checksum at https://download.qt.io/online/qtsdkrepository/all_os/android/qt6_682/qt6_682_armv7/qt.qt6.682.addons.qtshadertools.android_armv7/6.8.2-0-202501260838qtshadertools-Windows-Windows_10_22H2-Clang-Android-Android_ANY-ARMv7.7z.sha256
2026-09-12 10:53:05,312 - aqt.helper - DEBUG - helper 140084684494720 Attempt to download checksum at https://download.qt.io/online/qtsdkrepository/all_os/android/qt6_682/qt6_682_armv7/qt.qt6.682.android_armv7/6.8.2-0-202501260838qtbase-Windows-Windows_10_22H2-Clang-Android-Android_ANY-ARMv7.7z.sha256
2026-09-12 10:53:05,313 - aqt.helper - DEBUG - helper 140660681578368 Attempt to download checksum at https://download.qt.io/online/qtsdkrepository/all_os/android/qt6_682/qt6_682_armv7/qt.qt6.682.android_armv7/6.8.2-0-202501260838qtsvg-Windows-Windows_10_22H2-Clang-Android-Android_ANY-ARMv7.7z.sha256
2026-09-12 10:53:05,568 - aqt.helper - INFO - helper 140400501761920 Downloading qtmultimedia...
2026-09-12 10:53:05,568 - aqt.installer - DEBUG - installer 140400501761920 Download URL: https://download.qt.io/online/qtsdkrepository/all_os/android/qt6_682/qt6_682_armv7/qt.qt6.682.addons.qtmultimedia.android_armv7/6.8.2-0-202501260838qtmultimedia-Windows-Windows_10_22H2-Clang-Android-Android_ANY-ARMv7.7z
2026-09-12 10:53:05,580 - aqt.helper - INFO - helper 140160552744832 Downloading qtshadertools...
2026-09-12 10:53:05,580 - aqt.installer - DEBUG - installer 140160552744832 Download URL: https://download.qt.io/online/qtsdkrepository/all_os/android/qt6_682/qt6_682_armv7/qt.qt6.682.addons.qtshadertools.android_armv7/6.8.2-0-202501260838qtshadertools-Windows-Windows_10_22H2-Clang-Android-Android_ANY-ARMv7.7z
2026-09-12 10:53:05,627 - aqt.helper - INFO - helper 140660681578368 Downloading qtsvg...
2026-09-12 10:53:05,627 - aqt.installer - DEBUG - installer 140660681578368 Download URL: https://download.qt.io/online/qtsdkrepository/all_os/android/qt6_682/qt6_682_armv7/qt.qt6.682.android_armv7/6.8.2-0-202501260838qtsvg-Windows-Windows_10_22H2-Clang-Android-Android_ANY-ARMv7.7z
2026-09-12 10:53:05,630 - aqt.helper - INFO - helper 140084684494720 Downloading qtbase...
2026-09-12 10:53:05,630 - aqt.installer - DEBUG - installer 140084684494720 Download URL: https://download.qt.io/online/qtsdkrepository/all_os/android/qt6_682/qt6_682_armv7/qt.qt6.682.android_armv7/6.8.2-0-202501260838qtbase-Windows-Windows_10_22H2-Clang-Android-Android_ANY-ARMv7.7z
2026-09-12 10:53:05,890 - aqt.helper - DEBUG - helper 140400501761920 Asked to redirect(302) to: https://ftp.fau.de/qtproject/online/qtsdkrepository/all_os/android/qt6_682/qt6_682_armv7/qt.qt6.682.addons.qtmultimedia.android_armv7/6.8.2-0-202501260838qtmultimedia-Windows-Windows_10_22H2-Clang-Android-Android_ANY-ARMv7.7z
2026-09-12 10:53:05,890 - aqt.helper - INFO - helper 140400501761920 Redirected: ftp.fau.de
2026-09-12 10:53:05,899 - aqt.helper - DEBUG - helper 140160552744832 Asked to redirect(302) to: https://ftp.fau.de/qtproject/online/qtsdkrepository/all_os/android/qt6_682/qt6_682_armv7/qt.qt6.682.addons.qtshadertools.android_armv7/6.8.2-0-202501260838qtshadertools-Windows-Windows_10_22H2-Clang-Android-Android_ANY-ARMv7.7z
2026-09-12 10:53:05,899 - aqt.helper - INFO - helper 140160552744832 Redirected: ftp.fau.de
2026-09-12 10:53:05,942 - aqt.helper - DEBUG - helper 140660681578368 Asked to redirect(302) to: https://ftp.fau.de/qtproject/online/qtsdkrepository/all_os/android/qt6_682/qt6_682_armv7/qt.qt6.682.android_armv7/6.8.2-0-202501260838qtsvg-Windows-Windows_10_22H2-Clang-Android-Android_ANY-ARMv7.7z
2026-09-12 10:53:05,942 - aqt.helper - INFO - helper 140660681578368 Redirected: ftp.fau.de
2026-09-12 10:53:05,942 - aqt.helper - DEBUG - helper 140084684494720 Asked to redirect(302) to: https://ftp.fau.de/qtproject/online/qtsdkrepository/all_os/android/qt6_682/qt6_682_armv7/qt.qt6.682.android_armv7/6.8.2-0-202501260838qtbase-Windows-Windows_10_22H2-Clang-Android-Android_ANY-ARMv7.7z
2026-09-12 10:53:05,942 - aqt.helper - INFO - helper 140084684494720 Redirected: ftp.fau.de
2026-09-12 10:53:06,362 - aqt.installer - INFO - installer 140660681578368 Finished installation of qtsvg-Windows-Windows_10_22H2-Clang-Android-Android_ANY-ARMv7.7z in 1.05114591
2026-09-12 10:53:06,378 - aqt.helper - DEBUG - helper 140660681578368 Attempt to download checksum at https://download.qt.io/online/qtsdkrepository/all_os/android/qt6_682/qt6_682_armv7/qt.qt6.682.android_armv7/6.8.2-0-202501260838qtdeclarative-Windows-Windows_10_22H2-Clang-Android-Android_ANY-ARMv7.7z.sha256
2026-09-12 10:53:06,574 - aqt.installer - INFO - installer 140160552744832 Finished installation of qtshadertools-Windows-Windows_10_22H2-Clang-Android-Android_ANY-ARMv7.7z in 1.32355151
2026-09-12 10:53:06,589 - aqt.helper - DEBUG - helper 140160552744832 Attempt to download checksum at https://download.qt.io/online/qtsdkrepository/all_os/android/qt6_682/qt6_682_armv7/qt.qt6.682.android_armv7/6.8.2-0-202501260838qttools-Windows-Windows_10_22H2-Clang-Android-Android_ANY-ARMv7.7z.sha256
2026-09-12 10:53:06,745 - aqt.helper - INFO - helper 140660681578368 Downloading qtdeclarative...
2026-09-12 10:53:06,746 - aqt.installer - DEBUG - installer 140660681578368 Download URL: https://download.qt.io/online/qtsdkrepository/all_os/android/qt6_682/qt6_682_armv7/qt.qt6.682.android_armv7/6.8.2-0-202501260838qtdeclarative-Windows-Windows_10_22H2-Clang-Android-Android_ANY-ARMv7.7z
2026-09-12 10:53:06,972 - aqt.helper - INFO - helper 140160552744832 Downloading qttools...
2026-09-12 10:53:06,973 - aqt.installer - DEBUG - installer 140160552744832 Download URL: https://download.qt.io/online/qtsdkrepository/all_os/android/qt6_682/qt6_682_armv7/qt.qt6.682.android_armv7/6.8.2-0-202501260838qttools-Windows-Windows_10_22H2-Clang-Android-Android_ANY-ARMv7.7z
2026-09-12 10:53:07,164 - aqt.helper - DEBUG - helper 140660681578368 Asked to redirect(302) to: https://ftp.fau.de/qtproject/online/qtsdkrepository/all_os/android/qt6_682/qt6_682_armv7/qt.qt6.682.android_armv7/6.8.2-0-202501260838qtdeclarative-Windows-Windows_10_22H2-Clang-Android-Android_ANY-ARMv7.7z
2026-09-12 10:53:07,164 - aqt.helper - INFO - helper 140660681578368 Redirected: ftp.fau.de
2026-09-12 10:53:07,342 - aqt.helper - DEBUG - helper 140160552744832 Asked to redirect(302) to: https://ftp.fau.de/qtproject/online/qtsdkrepository/all_os/android/qt6_682/qt6_682_armv7/qt.qt6.682.android_armv7/6.8.2-0-202501260838qttools-Windows-Windows_10_22H2-Clang-Android-Android_ANY-ARMv7.7z
2026-09-12 10:53:07,342 - aqt.helper - INFO - helper 140160552744832 Redirected: ftp.fau.de
2026-09-12 10:53:07,800 - aqt.installer - INFO - installer 140400501761920 Finished installation of qtmultimedia-Windows-Windows_10_22H2-Clang-Android-Android_ANY-ARMv7.7z in 2.55629512
2026-09-12 10:53:07,814 - aqt.helper - DEBUG - helper 140400501761920 Attempt to download checksum at https://download.qt.io/online/qtsdkrepository/all_os/android/qt6_682/qt6_682_armv7/qt.qt6.682.android_armv7/6.8.2-0-202501260838qttranslations-Windows-Windows_10_22H2-Clang-Android-Android_ANY-ARMv7.7z.sha256
2026-09-12 10:53:08,284 - aqt.helper - INFO - helper 140400501761920 Downloading qttranslations...
2026-09-12 10:53:08,284 - aqt.installer - DEBUG - installer 140400501761920 Download URL: https://download.qt.io/online/qtsdkrepository/all_os/android/qt6_682/qt6_682_armv7/qt.qt6.682.android_armv7/6.8.2-0-202501260838qttranslations-Windows-Windows_10_22H2-Clang-Android-Android_ANY-ARMv7.7z
2026-09-12 10:53:08,840 - aqt.helper - DEBUG - helper 140400501761920 Asked to redirect(302) to: https://ftp.fau.de/qtproject/online/qtsdkrepository/all_os/android/qt6_682/qt6_682_armv7/qt.qt6.682.android_armv7/6.8.2-0-202501260838qttranslations-Windows-Windows_10_22H2-Clang-Android-Android_ANY-ARMv7.7z
2026-09-12 10:53:08,840 - aqt.helper - INFO - helper 140400501761920 Redirected: ftp.fau.de
2026-09-12 10:53:09,081 - aqt.installer - INFO - installer 140160552744832 Finished installation of qttools-Windows-Windows_10_22H2-Clang-Android-Android_ANY-ARMv7.7z in 2.49457547
2026-09-12 10:53:09,419 - aqt.installer - INFO - installer 140084684494720 Finished installation of qtbase-Windows-Windows_10_22H2-Clang-Android-Android_ANY-ARMv7.7z in 4.10877577
2026-09-12 10:53:09,686 - aqt.installer - INFO - installer 140400501761920 Finished installation of qttranslations-Windows-Windows_10_22H2-Clang-Android-Android_ANY-ARMv7.7z in 1.87433175
2026-09-12 10:53:11,481 - aqt.installer - INFO - installer 140660681578368 Finished installation of qtdeclarative-Windows-Windows_10_22H2-Clang-Android-Android_ANY-ARMv7.7z in 5.10457684
2026-09-12 10:53:11,565 - aqt.updater - INFO - updater 140277795673984 Patching /home/angelo/giochi-coding/packaging/android/Qt/6.8.2/android_armv7/bin/qmake
2026-09-12 10:53:11,570 - aqt.updater - INFO - updater 140277795673984 Patching /home/angelo/giochi-coding/packaging/android/Qt/6.8.2/android_armv7/bin/qtpaths
2026-09-12 10:53:11,571 - aqt.updater - INFO - updater 140277795673984 Patching /home/angelo/giochi-coding/packaging/android/Qt/6.8.2/android_armv7/bin/qmake6
2026-09-12 10:53:11,571 - aqt.updater - INFO - updater 140277795673984 Patching /home/angelo/giochi-coding/packaging/android/Qt/6.8.2/android_armv7/bin/qtpaths6
2026-09-12 10:53:11,571 - aqt.updater - INFO - updater 140277795673984 Patching /home/angelo/giochi-coding/packaging/android/Qt/6.8.2/android_armv7/bin/target_qt.conf
2026-09-12 10:53:11,572 - aqt.main - INFO - installer 140277795673984 Finished installation
2026-09-12 10:53:11,572 - aqt.main - INFO - installer 140277795673984 Time elapsed: 10.25692143 second
2026-09-12 10:53:11,760 - aqt.main - INFO - installer 139987565385600 aqtinstall(aqt) v3.3.0 on Python 3.13.5 [CPython GCC 14.2.0]
2026-09-12 10:53:11,761 - aqt.helper - DEBUG - helper 139987565385600 Attempt to download checksum at https://download.qt.io/online/qtsdkrepository/linux_x64/desktop/qt6_682/qt6_682/Updates.xml.sha256
2026-09-12 10:53:12,401 - aqt.helper - DEBUG - helper 139987565385600 Attempt to download checksum at https://download.qt.io/online/qtsdkrepository/linux_x64/extensions/qtwebengine/682/x86_64/Updates.xml.sha256
2026-09-12 10:53:13,136 - aqt.archives - INFO - archives 139987565385600 Found extension qtwebengine
2026-09-12 10:53:13,137 - aqt.helper - DEBUG - helper 139987565385600 Attempt to download checksum at https://download.qt.io/online/qtsdkrepository/linux_x64/extensions/qtpdf/682/x86_64/Updates.xml.sha256
2026-09-12 10:53:13,763 - aqt.archives - INFO - archives 139987565385600 Found extension qtpdf
2026-09-12 10:53:13,947 - aqt.helper - DEBUG - helper 140340005308288 Attempt to download checksum at https://download.qt.io/online/qtsdkrepository/linux_x64/desktop/qt6_682/qt6_682/qt.qt6.682.addons.qtmultimedia.linux_gcc_64/6.8.2-0-202501260838qtmultimedia-Linux-RHEL_8_10-GCC-Linux-RHEL_8_10-X86_64.7z.sha256
2026-09-12 10:53:13,965 - aqt.helper - DEBUG - helper 140395538294656 Attempt to download checksum at https://download.qt.io/online/qtsdkrepository/linux_x64/desktop/qt6_682/qt6_682/qt.qt6.682.addons.qtshadertools.linux_gcc_64/6.8.2-0-202501260838qtshadertools-Linux-RHEL_8_10-GCC-Linux-RHEL_8_10-X86_64.7z.sha256
2026-09-12 10:53:14,011 - aqt.helper - DEBUG - helper 140414981207936 Attempt to download checksum at https://download.qt.io/online/qtsdkrepository/linux_x64/desktop/qt6_682/qt6_682/qt.qt6.682.linux_gcc_64/6.8.2-0-202501260838qtbase-Linux-RHEL_8_10-GCC-Linux-RHEL_8_10-X86_64.7z.sha256
2026-09-12 10:53:14,017 - aqt.helper - DEBUG - helper 139797585397632 Attempt to download checksum at https://download.qt.io/online/qtsdkrepository/linux_x64/desktop/qt6_682/qt6_682/qt.qt6.682.linux_gcc_64/6.8.2-0-202501260838qtsvg-Linux-RHEL_8_10-GCC-Linux-RHEL_8_10-X86_64.7z.sha256
2026-09-12 10:53:14,267 - aqt.helper - INFO - helper 140340005308288 Downloading qtmultimedia...
2026-09-12 10:53:14,267 - aqt.installer - DEBUG - installer 140340005308288 Download URL: https://download.qt.io/online/qtsdkrepository/linux_x64/desktop/qt6_682/qt6_682/qt.qt6.682.addons.qtmultimedia.linux_gcc_64/6.8.2-0-202501260838qtmultimedia-Linux-RHEL_8_10-GCC-Linux-RHEL_8_10-X86_64.7z
2026-09-12 10:53:14,282 - aqt.helper - INFO - helper 140395538294656 Downloading qtshadertools...
2026-09-12 10:53:14,282 - aqt.installer - DEBUG - installer 140395538294656 Download URL: https://download.qt.io/online/qtsdkrepository/linux_x64/desktop/qt6_682/qt6_682/qt.qt6.682.addons.qtshadertools.linux_gcc_64/6.8.2-0-202501260838qtshadertools-Linux-RHEL_8_10-GCC-Linux-RHEL_8_10-X86_64.7z
2026-09-12 10:53:14,335 - aqt.helper - INFO - helper 140414981207936 Downloading qtbase...
2026-09-12 10:53:14,335 - aqt.installer - DEBUG - installer 140414981207936 Download URL: https://download.qt.io/online/qtsdkrepository/linux_x64/desktop/qt6_682/qt6_682/qt.qt6.682.linux_gcc_64/6.8.2-0-202501260838qtbase-Linux-RHEL_8_10-GCC-Linux-RHEL_8_10-X86_64.7z
2026-09-12 10:53:14,341 - aqt.helper - INFO - helper 139797585397632 Downloading qtsvg...
2026-09-12 10:53:14,341 - aqt.installer - DEBUG - installer 139797585397632 Download URL: https://download.qt.io/online/qtsdkrepository/linux_x64/desktop/qt6_682/qt6_682/qt.qt6.682.linux_gcc_64/6.8.2-0-202501260838qtsvg-Linux-RHEL_8_10-GCC-Linux-RHEL_8_10-X86_64.7z
2026-09-12 10:53:14,588 - aqt.helper - DEBUG - helper 140340005308288 Asked to redirect(302) to: https://ftp.fau.de/qtproject/online/qtsdkrepository/linux_x64/desktop/qt6_682/qt6_682/qt.qt6.682.addons.qtmultimedia.linux_gcc_64/6.8.2-0-202501260838qtmultimedia-Linux-RHEL_8_10-GCC-Linux-RHEL_8_10-X86_64.7z
2026-09-12 10:53:14,588 - aqt.helper - INFO - helper 140340005308288 Redirected: ftp.fau.de
2026-09-12 10:53:14,590 - aqt.helper - DEBUG - helper 140395538294656 Asked to redirect(302) to: https://ftp.fau.de/qtproject/online/qtsdkrepository/linux_x64/desktop/qt6_682/qt6_682/qt.qt6.682.addons.qtshadertools.linux_gcc_64/6.8.2-0-202501260838qtshadertools-Linux-RHEL_8_10-GCC-Linux-RHEL_8_10-X86_64.7z
2026-09-12 10:53:14,590 - aqt.helper - INFO - helper 140395538294656 Redirected: ftp.fau.de
2026-09-12 10:53:14,646 - aqt.helper - DEBUG - helper 140414981207936 Asked to redirect(302) to: https://ftp.fau.de/qtproject/online/qtsdkrepository/linux_x64/desktop/qt6_682/qt6_682/qt.qt6.682.linux_gcc_64/6.8.2-0-202501260838qtbase-Linux-RHEL_8_10-GCC-Linux-RHEL_8_10-X86_64.7z
2026-09-12 10:53:14,646 - aqt.helper - INFO - helper 140414981207936 Redirected: ftp.fau.de
2026-09-12 10:53:14,647 - aqt.helper - DEBUG - helper 139797585397632 Asked to redirect(302) to: https://ftp.fau.de/qtproject/online/qtsdkrepository/linux_x64/desktop/qt6_682/qt6_682/qt.qt6.682.linux_gcc_64/6.8.2-0-202501260838qtsvg-Linux-RHEL_8_10-GCC-Linux-RHEL_8_10-X86_64.7z
2026-09-12 10:53:14,648 - aqt.helper - INFO - helper 139797585397632 Redirected: ftp.fau.de
2026-09-12 10:53:15,106 - aqt.installer - INFO - installer 139797585397632 Finished installation of qtsvg-Linux-RHEL_8_10-GCC-Linux-RHEL_8_10-X86_64.7z in 1.09154658
2026-09-12 10:53:15,120 - aqt.helper - DEBUG - helper 139797585397632 Attempt to download checksum at https://download.qt.io/online/qtsdkrepository/linux_x64/desktop/qt6_682/qt6_682/qt.qt6.682.linux_gcc_64/6.8.2-0-202501260838qtdeclarative-Linux-RHEL_8_10-GCC-Linux-RHEL_8_10-X86_64.7z.sha256
2026-09-12 10:53:15,289 - aqt.installer - INFO - installer 140395538294656 Finished installation of qtshadertools-Linux-RHEL_8_10-GCC-Linux-RHEL_8_10-X86_64.7z in 1.32608278
2026-09-12 10:53:15,302 - aqt.helper - DEBUG - helper 140395538294656 Attempt to download checksum at https://download.qt.io/online/qtsdkrepository/linux_x64/desktop/qt6_682/qt6_682/qt.qt6.682.linux_gcc_64/6.8.2-0-202501260838qttools-Linux-RHEL_8_10-GCC-Linux-RHEL_8_10-X86_64.7z.sha256
2026-09-12 10:53:15,756 - aqt.helper - INFO - helper 139797585397632 Downloading qtdeclarative...
2026-09-12 10:53:15,756 - aqt.installer - DEBUG - installer 139797585397632 Download URL: https://download.qt.io/online/qtsdkrepository/linux_x64/desktop/qt6_682/qt6_682/qt.qt6.682.linux_gcc_64/6.8.2-0-202501260838qtdeclarative-Linux-RHEL_8_10-GCC-Linux-RHEL_8_10-X86_64.7z
2026-09-12 10:53:15,980 - aqt.helper - INFO - helper 140395538294656 Downloading qttools...
2026-09-12 10:53:15,981 - aqt.installer - DEBUG - installer 140395538294656 Download URL: https://download.qt.io/online/qtsdkrepository/linux_x64/desktop/qt6_682/qt6_682/qt.qt6.682.linux_gcc_64/6.8.2-0-202501260838qttools-Linux-RHEL_8_10-GCC-Linux-RHEL_8_10-X86_64.7z
2026-09-12 10:53:16,503 - aqt.helper - DEBUG - helper 139797585397632 Asked to redirect(302) to: https://ftp.fau.de/qtproject/online/qtsdkrepository/linux_x64/desktop/qt6_682/qt6_682/qt.qt6.682.linux_gcc_64/6.8.2-0-202501260838qtdeclarative-Linux-RHEL_8_10-GCC-Linux-RHEL_8_10-X86_64.7z
2026-09-12 10:53:16,503 - aqt.helper - INFO - helper 139797585397632 Redirected: ftp.fau.de
2026-09-12 10:53:16,585 - aqt.helper - DEBUG - helper 140395538294656 Asked to redirect(302) to: https://ftp.fau.de/qtproject/online/qtsdkrepository/linux_x64/desktop/qt6_682/qt6_682/qt.qt6.682.linux_gcc_64/6.8.2-0-202501260838qttools-Linux-RHEL_8_10-GCC-Linux-RHEL_8_10-X86_64.7z
2026-09-12 10:53:16,585 - aqt.helper - INFO - helper 140395538294656 Redirected: ftp.fau.de
2026-09-12 10:53:17,659 - aqt.installer - INFO - installer 140340005308288 Finished installation of qtmultimedia-Linux-RHEL_8_10-GCC-Linux-RHEL_8_10-X86_64.7z in 3.71343457
2026-09-12 10:53:17,674 - aqt.helper - DEBUG - helper 140340005308288 Attempt to download checksum at https://download.qt.io/online/qtsdkrepository/linux_x64/desktop/qt6_682/qt6_682/qt.qt6.682.linux_gcc_64/6.8.2-0-202501260838qttranslations-Linux-RHEL_8_10-GCC-Linux-RHEL_8_10-X86_64.7z.sha256
2026-09-12 10:53:18,002 - aqt.helper - INFO - helper 140340005308288 Downloading qttranslations...
2026-09-12 10:53:18,002 - aqt.installer - DEBUG - installer 140340005308288 Download URL: https://download.qt.io/online/qtsdkrepository/linux_x64/desktop/qt6_682/qt6_682/qt.qt6.682.linux_gcc_64/6.8.2-0-202501260838qttranslations-Linux-RHEL_8_10-GCC-Linux-RHEL_8_10-X86_64.7z
2026-09-12 10:53:18,310 - aqt.helper - DEBUG - helper 140340005308288 Asked to redirect(302) to: https://ftp.fau.de/qtproject/online/qtsdkrepository/linux_x64/desktop/qt6_682/qt6_682/qt.qt6.682.linux_gcc_64/6.8.2-0-202501260838qttranslations-Linux-RHEL_8_10-GCC-Linux-RHEL_8_10-X86_64.7z
2026-09-12 10:53:18,310 - aqt.helper - INFO - helper 140340005308288 Redirected: ftp.fau.de
2026-09-12 10:53:19,041 - aqt.installer - INFO - installer 140340005308288 Finished installation of qttranslations-Linux-RHEL_8_10-GCC-Linux-RHEL_8_10-X86_64.7z in 1.36849389
2026-09-12 10:53:19,055 - aqt.helper - DEBUG - helper 140340005308288 Attempt to download checksum at https://download.qt.io/online/qtsdkrepository/linux_x64/desktop/qt6_682/qt6_682/qt.qt6.682.linux_gcc_64/6.8.2-0-202501260838qtwayland-Linux-RHEL_8_10-GCC-Linux-RHEL_8_10-X86_64.7z.sha256
2026-09-12 10:53:19,370 - aqt.helper - INFO - helper 140340005308288 Downloading qtwayland...
2026-09-12 10:53:19,371 - aqt.installer - DEBUG - installer 140340005308288 Download URL: https://download.qt.io/online/qtsdkrepository/linux_x64/desktop/qt6_682/qt6_682/qt.qt6.682.linux_gcc_64/6.8.2-0-202501260838qtwayland-Linux-RHEL_8_10-GCC-Linux-RHEL_8_10-X86_64.7z
2026-09-12 10:53:19,524 - aqt.installer - INFO - installer 140414981207936 Finished installation of qtbase-Linux-RHEL_8_10-GCC-Linux-RHEL_8_10-X86_64.7z in 5.51557591
2026-09-12 10:53:19,544 - aqt.helper - DEBUG - helper 140414981207936 Attempt to download checksum at https://download.qt.io/online/qtsdkrepository/linux_x64/desktop/qt6_682/qt6_682/qt.qt6.682.linux_gcc_64/6.8.2-0-202501260838icu-linux-Rhel8.6-x86_64.7z.sha256
2026-09-12 10:53:19,740 - aqt.helper - DEBUG - helper 140340005308288 Asked to redirect(302) to: https://ftp.fau.de/qtproject/online/qtsdkrepository/linux_x64/desktop/qt6_682/qt6_682/qt.qt6.682.linux_gcc_64/6.8.2-0-202501260838qtwayland-Linux-RHEL_8_10-GCC-Linux-RHEL_8_10-X86_64.7z
2026-09-12 10:53:19,740 - aqt.helper - INFO - helper 140340005308288 Redirected: ftp.fau.de
2026-09-12 10:53:20,066 - aqt.helper - INFO - helper 140414981207936 Downloading icu...
2026-09-12 10:53:20,066 - aqt.installer - DEBUG - installer 140414981207936 Download URL: https://download.qt.io/online/qtsdkrepository/linux_x64/desktop/qt6_682/qt6_682/qt.qt6.682.linux_gcc_64/6.8.2-0-202501260838icu-linux-Rhel8.6-x86_64.7z
2026-09-12 10:53:20,723 - aqt.helper - DEBUG - helper 140414981207936 Asked to redirect(302) to: https://ftp.fau.de/qtproject/online/qtsdkrepository/linux_x64/desktop/qt6_682/qt6_682/qt.qt6.682.linux_gcc_64/6.8.2-0-202501260838icu-linux-Rhel8.6-x86_64.7z
2026-09-12 10:53:20,723 - aqt.helper - INFO - helper 140414981207936 Redirected: ftp.fau.de
2026-09-12 10:53:21,356 - aqt.installer - INFO - installer 140340005308288 Finished installation of qtwayland-Linux-RHEL_8_10-GCC-Linux-RHEL_8_10-X86_64.7z in 2.30285889
2026-09-12 10:53:23,776 - aqt.installer - INFO - installer 140395538294656 Finished installation of qttools-Linux-RHEL_8_10-GCC-Linux-RHEL_8_10-X86_64.7z in 8.47588185
2026-09-12 10:53:29,253 - aqt.installer - INFO - installer 140414981207936 Finished installation of icu-linux-Rhel8.6-x86_64.7z in 9.71051654
2026-09-12 10:53:34,482 - aqt.installer - INFO - installer 139797585397632 Finished installation of qtdeclarative-Linux-RHEL_8_10-GCC-Linux-RHEL_8_10-X86_64.7z in 19.36460734
2026-09-12 10:53:34,604 - aqt.updater - INFO - updater 139987565385600 Patching /home/angelo/giochi-coding/packaging/android/Qt/6.8.2/gcc_64/bin/qmake
2026-09-12 10:53:34,607 - aqt.updater - INFO - updater 139987565385600 Patching /home/angelo/giochi-coding/packaging/android/Qt/6.8.2/gcc_64/lib/pkgconfig/Qt6QuickLayouts.pc
2026-09-12 10:53:34,608 - aqt.updater - INFO - updater 139987565385600 Patching /home/angelo/giochi-coding/packaging/android/Qt/6.8.2/gcc_64/lib/pkgconfig/Qt6DBus.pc
2026-09-12 10:53:34,608 - aqt.updater - INFO - updater 139987565385600 Patching /home/angelo/giochi-coding/packaging/android/Qt/6.8.2/gcc_64/lib/pkgconfig/Qt6Multimedia.pc
2026-09-12 10:53:34,608 - aqt.updater - INFO - updater 139987565385600 Patching /home/angelo/giochi-coding/packaging/android/Qt/6.8.2/gcc_64/lib/pkgconfig/Qt6ShaderTools.pc
2026-09-12 10:53:34,608 - aqt.updater - INFO - updater 139987565385600 Patching /home/angelo/giochi-coding/packaging/android/Qt/6.8.2/gcc_64/lib/pkgconfig/Qt6Core.pc
2026-09-12 10:53:34,608 - aqt.updater - INFO - updater 139987565385600 Patching /home/angelo/giochi-coding/packaging/android/Qt/6.8.2/gcc_64/lib/pkgconfig/Qt6Sql.pc
2026-09-12 10:53:34,608 - aqt.updater - INFO - updater 139987565385600 Patching /home/angelo/giochi-coding/packaging/android/Qt/6.8.2/gcc_64/lib/pkgconfig/Qt6LabsQmlModels.pc
2026-09-12 10:53:34,608 - aqt.updater - INFO - updater 139987565385600 Patching /home/angelo/giochi-coding/packaging/android/Qt/6.8.2/gcc_64/lib/pkgconfig/Qt6Quick.pc
2026-09-12 10:53:34,608 - aqt.updater - INFO - updater 139987565385600 Patching /home/angelo/giochi-coding/packaging/android/Qt/6.8.2/gcc_64/lib/pkgconfig/Qt6LabsPlatform.pc
2026-09-12 10:53:34,608 - aqt.updater - INFO - updater 139987565385600 Patching /home/angelo/giochi-coding/packaging/android/Qt/6.8.2/gcc_64/lib/pkgconfig/Qt6SpatialAudio.pc
2026-09-12 10:53:34,609 - aqt.updater - INFO - updater 139987565385600 Patching /home/angelo/giochi-coding/packaging/android/Qt/6.8.2/gcc_64/lib/pkgconfig/Qt6MultimediaWidgets.pc
2026-09-12 10:53:34,609 - aqt.updater - INFO - updater 139987565385600 Patching /home/angelo/giochi-coding/packaging/android/Qt/6.8.2/gcc_64/lib/pkgconfig/Qt6LabsAnimation.pc
2026-09-12 10:53:34,609 - aqt.updater - INFO - updater 139987565385600 Patching /home/angelo/giochi-coding/packaging/android/Qt/6.8.2/gcc_64/lib/pkgconfig/Qt6UiPlugin.pc
2026-09-12 10:53:34,609 - aqt.updater - INFO - updater 139987565385600 Patching /home/angelo/giochi-coding/packaging/android/Qt/6.8.2/gcc_64/lib/pkgconfig/Qt6QmlIntegration.pc
2026-09-12 10:53:34,609 - aqt.updater - INFO - updater 139987565385600 Patching /home/angelo/giochi-coding/packaging/android/Qt/6.8.2/gcc_64/lib/pkgconfig/Qt6QuickControls2Material.pc
2026-09-12 10:53:34,609 - aqt.updater - INFO - updater 139987565385600 Patching /home/angelo/giochi-coding/packaging/android/Qt/6.8.2/gcc_64/lib/pkgconfig/Qt6QuickDialogs2.pc
2026-09-12 10:53:34,609 - aqt.updater - INFO - updater 139987565385600 Patching /home/angelo/giochi-coding/packaging/android/Qt/6.8.2/gcc_64/lib/pkgconfig/Qt6QmlXmlListModel.pc
2026-09-12 10:53:34,609 - aqt.updater - INFO - updater 139987565385600 Patching /home/angelo/giochi-coding/packaging/android/Qt/6.8.2/gcc_64/lib/pkgconfig/Qt6QmlAssetDownloader.pc
2026-09-12 10:53:34,609 - aqt.updater - INFO - updater 139987565385600 Patching /home/angelo/giochi-coding/packaging/android/Qt/6.8.2/gcc_64/lib/pkgconfig/Qt6QmlModels.pc
2026-09-12 10:53:34,609 - aqt.updater - INFO - updater 139987565385600 Patching /home/angelo/giochi-coding/packaging/android/Qt/6.8.2/gcc_64/lib/pkgconfig/Qt6QuickControls2Basic.pc
2026-09-12 10:53:34,609 - aqt.updater - INFO - updater 139987565385600 Patching /home/angelo/giochi-coding/packaging/android/Qt/6.8.2/gcc_64/lib/pkgconfig/Qt6QuickDialogs2QuickImpl.pc
2026-09-12 10:53:34,610 - aqt.updater - INFO - updater 139987565385600 Patching /home/angelo/giochi-coding/packaging/android/Qt/6.8.2/gcc_64/lib/pkgconfig/Qt6QuickDialogs2Utils.pc
2026-09-12 10:53:34,610 - aqt.updater - INFO - updater 139987565385600 Patching /home/angelo/giochi-coding/packaging/android/Qt/6.8.2/gcc_64/lib/pkgconfig/Qt6Qml.pc
2026-09-12 10:53:34,610 - aqt.updater - INFO - updater 139987565385600 Patching /home/angelo/giochi-coding/packaging/android/Qt/6.8.2/gcc_64/lib/pkgconfig/Qt6QuickControls2FluentWinUI3StyleImpl.pc
2026-09-12 10:53:34,610 - aqt.updater - INFO - updater 139987565385600 Patching /home/angelo/giochi-coding/packaging/android/Qt/6.8.2/gcc_64/lib/pkgconfig/Qt6LabsSettings.pc
2026-09-12 10:53:34,610 - aqt.updater - INFO - updater 139987565385600 Patching /home/angelo/giochi-coding/packaging/android/Qt/6.8.2/gcc_64/lib/pkgconfig/Qt6Platform.pc
2026-09-12 10:53:34,610 - aqt.updater - INFO - updater 139987565385600 Patching /home/angelo/giochi-coding/packaging/android/Qt/6.8.2/gcc_64/lib/pkgconfig/Qt6Network.pc
2026-09-12 10:53:34,610 - aqt.updater - INFO - updater 139987565385600 Patching /home/angelo/giochi-coding/packaging/android/Qt/6.8.2/gcc_64/lib/pkgconfig/Qt6QuickControls2Universal.pc
2026-09-12 10:53:34,610 - aqt.updater - INFO - updater 139987565385600 Patching /home/angelo/giochi-coding/packaging/android/Qt/6.8.2/gcc_64/lib/pkgconfig/Qt6QuickTemplates2.pc
2026-09-12 10:53:34,610 - aqt.updater - INFO - updater 139987565385600 Patching /home/angelo/giochi-coding/packaging/android/Qt/6.8.2/gcc_64/lib/pkgconfig/Qt6OpenGLWidgets.pc
2026-09-12 10:53:34,610 - aqt.updater - INFO - updater 139987565385600 Patching /home/angelo/giochi-coding/packaging/android/Qt/6.8.2/gcc_64/lib/pkgconfig/Qt6QuickControls2MaterialStyleImpl.pc
2026-09-12 10:53:34,610 - aqt.updater - INFO - updater 139987565385600 Patching /home/angelo/giochi-coding/packaging/android/Qt/6.8.2/gcc_64/lib/pkgconfig/Qt6QuickTest.pc
2026-09-12 10:53:34,610 - aqt.updater - INFO - updater 139987565385600 Patching /home/angelo/giochi-coding/packaging/android/Qt/6.8.2/gcc_64/lib/pkgconfig/Qt6LabsWavefrontMesh.pc
2026-09-12 10:53:34,611 - aqt.updater - INFO - updater 139987565385600 Patching /home/angelo/giochi-coding/packaging/android/Qt/6.8.2/gcc_64/lib/pkgconfig/Qt6QuickControls2ImagineStyleImpl.pc
2026-09-12 10:53:34,611 - aqt.updater - INFO - updater 139987565385600 Patching /home/angelo/giochi-coding/packaging/android/Qt/6.8.2/gcc_64/lib/pkgconfig/Qt6OpenGL.pc
2026-09-12 10:53:34,611 - aqt.updater - INFO - updater 139987565385600 Patching /home/angelo/giochi-coding/packaging/android/Qt/6.8.2/gcc_64/lib/pkgconfig/Qt6QuickControls2UniversalStyleImpl.pc
2026-09-12 10:53:34,611 - aqt.updater - INFO - updater 139987565385600 Patching /home/angelo/giochi-coding/packaging/android/Qt/6.8.2/gcc_64/lib/pkgconfig/Qt6Xml.pc
2026-09-12 10:53:34,611 - aqt.updater - INFO - updater 139987565385600 Patching /home/angelo/giochi-coding/packaging/android/Qt/6.8.2/gcc_64/lib/pkgconfig/Qt6QuickControls2BasicStyleImpl.pc
2026-09-12 10:53:34,611 - aqt.updater - INFO - updater 139987565385600 Patching /home/angelo/giochi-coding/packaging/android/Qt/6.8.2/gcc_64/lib/pkgconfig/Qt6Test.pc
2026-09-12 10:53:34,611 - aqt.updater - INFO - updater 139987565385600 Patching /home/angelo/giochi-coding/packaging/android/Qt/6.8.2/gcc_64/lib/pkgconfig/Qt6QuickControls2FusionStyleImpl.pc
2026-09-12 10:53:34,611 - aqt.updater - INFO - updater 139987565385600 Patching /home/angelo/giochi-coding/packaging/android/Qt/6.8.2/gcc_64/lib/pkgconfig/Qt6QuickControls2.pc
2026-09-12 10:53:34,611 - aqt.updater - INFO - updater 139987565385600 Patching /home/angelo/giochi-coding/packaging/android/Qt/6.8.2/gcc_64/lib/pkgconfig/Qt6Widgets.pc
2026-09-12 10:53:34,611 - aqt.updater - INFO - updater 139987565385600 Patching /home/angelo/giochi-coding/packaging/android/Qt/6.8.2/gcc_64/lib/pkgconfig/Qt6Designer.pc
2026-09-12 10:53:34,611 - aqt.updater - INFO - updater 139987565385600 Patching /home/angelo/giochi-coding/packaging/android/Qt/6.8.2/gcc_64/lib/pkgconfig/Qt6QuickControls2Imagine.pc
2026-09-12 10:53:34,612 - aqt.updater - INFO - updater 139987565385600 Patching /home/angelo/giochi-coding/packaging/android/Qt/6.8.2/gcc_64/lib/pkgconfig/Qt6QuickWidgets.pc
2026-09-12 10:53:34,612 - aqt.updater - INFO - updater 139987565385600 Patching /home/angelo/giochi-coding/packaging/android/Qt/6.8.2/gcc_64/lib/pkgconfig/Qt6QuickVectorImage.pc
2026-09-12 10:53:34,612 - aqt.updater - INFO - updater 139987565385600 Patching /home/angelo/giochi-coding/packaging/android/Qt/6.8.2/gcc_64/lib/pkgconfig/Qt6SvgWidgets.pc
2026-09-12 10:53:34,612 - aqt.updater - INFO - updater 139987565385600 Patching /home/angelo/giochi-coding/packaging/android/Qt/6.8.2/gcc_64/lib/pkgconfig/Qt6Gui.pc
2026-09-12 10:53:34,612 - aqt.updater - INFO - updater 139987565385600 Patching /home/angelo/giochi-coding/packaging/android/Qt/6.8.2/gcc_64/lib/pkgconfig/Qt6LabsFolderListModel.pc
2026-09-12 10:53:34,612 - aqt.updater - INFO - updater 139987565385600 Patching /home/angelo/giochi-coding/packaging/android/Qt/6.8.2/gcc_64/lib/pkgconfig/Qt6QmlWorkerScript.pc
2026-09-12 10:53:34,612 - aqt.updater - INFO - updater 139987565385600 Patching /home/angelo/giochi-coding/packaging/android/Qt/6.8.2/gcc_64/lib/pkgconfig/Qt6QmlNetwork.pc
2026-09-12 10:53:34,612 - aqt.updater - INFO - updater 139987565385600 Patching /home/angelo/giochi-coding/packaging/android/Qt/6.8.2/gcc_64/lib/pkgconfig/Qt6QmlCore.pc
2026-09-12 10:53:34,612 - aqt.updater - INFO - updater 139987565385600 Patching /home/angelo/giochi-coding/packaging/android/Qt/6.8.2/gcc_64/lib/pkgconfig/Qt6QmlMeta.pc
2026-09-12 10:53:34,612 - aqt.updater - INFO - updater 139987565385600 Patching /home/angelo/giochi-coding/packaging/android/Qt/6.8.2/gcc_64/lib/pkgconfig/Qt6Svg.pc
2026-09-12 10:53:34,612 - aqt.updater - INFO - updater 139987565385600 Patching /home/angelo/giochi-coding/packaging/android/Qt/6.8.2/gcc_64/lib/pkgconfig/Qt6QuickControls2Fusion.pc
2026-09-12 10:53:34,612 - aqt.updater - INFO - updater 139987565385600 Patching /home/angelo/giochi-coding/packaging/android/Qt/6.8.2/gcc_64/lib/pkgconfig/Qt6Help.pc
2026-09-12 10:53:34,613 - aqt.updater - INFO - updater 139987565385600 Patching /home/angelo/giochi-coding/packaging/android/Qt/6.8.2/gcc_64/lib/pkgconfig/Qt6QmlCompiler.pc
2026-09-12 10:53:34,613 - aqt.updater - INFO - updater 139987565385600 Patching /home/angelo/giochi-coding/packaging/android/Qt/6.8.2/gcc_64/lib/pkgconfig/Qt6UiTools.pc
2026-09-12 10:53:34,613 - aqt.updater - INFO - updater 139987565385600 Patching /home/angelo/giochi-coding/packaging/android/Qt/6.8.2/gcc_64/lib/pkgconfig/Qt6PrintSupport.pc
2026-09-12 10:53:34,613 - aqt.updater - INFO - updater 139987565385600 Patching /home/angelo/giochi-coding/packaging/android/Qt/6.8.2/gcc_64/lib/pkgconfig/Qt6WaylandClient.pc
2026-09-12 10:53:34,613 - aqt.updater - INFO - updater 139987565385600 Patching /home/angelo/giochi-coding/packaging/android/Qt/6.8.2/gcc_64/lib/pkgconfig/Qt6QmlLocalStorage.pc
2026-09-12 10:53:34,613 - aqt.updater - INFO - updater 139987565385600 Patching /home/angelo/giochi-coding/packaging/android/Qt/6.8.2/gcc_64/lib/pkgconfig/Qt6LabsSharedImage.pc
2026-09-12 10:53:34,613 - aqt.updater - INFO - updater 139987565385600 Patching /home/angelo/giochi-coding/packaging/android/Qt/6.8.2/gcc_64/lib/pkgconfig/Qt6QuickControls2Impl.pc
2026-09-12 10:53:34,613 - aqt.updater - INFO - updater 139987565385600 Patching /home/angelo/giochi-coding/packaging/android/Qt/6.8.2/gcc_64/lib/pkgconfig/Qt6Concurrent.pc
2026-09-12 10:53:34,613 - aqt.updater - INFO - updater 139987565385600 Patching /home/angelo/giochi-coding/packaging/android/Qt/6.8.2/gcc_64/lib/pkgconfig/Qt6Linguist.pc
2026-09-12 10:53:34,614 - aqt.updater - INFO - updater 139987565385600 Patching /home/angelo/giochi-coding/packaging/android/Qt/6.8.2/gcc_64/lib/libQt6Svg.prl
2026-09-12 10:53:34,614 - aqt.updater - INFO - updater 139987565385600 Patching /home/angelo/giochi-coding/packaging/android/Qt/6.8.2/gcc_64/lib/libQt6Widgets.prl
2026-09-12 10:53:34,614 - aqt.updater - INFO - updater 139987565385600 Patching /home/angelo/giochi-coding/packaging/android/Qt/6.8.2/gcc_64/lib/libQt6QuickTestUtils.prl
2026-09-12 10:53:34,614 - aqt.updater - INFO - updater 139987565385600 Patching /home/angelo/giochi-coding/packaging/android/Qt/6.8.2/gcc_64/lib/libQt6OpenGLWidgets.prl
2026-09-12 10:53:34,614 - aqt.updater - INFO - updater 139987565385600 Patching /home/angelo/giochi-coding/packaging/android/Qt/6.8.2/gcc_64/lib/libQt6QmlAssetDownloader.prl
2026-09-12 10:53:34,614 - aqt.updater - INFO - updater 139987565385600 Patching /home/angelo/giochi-coding/packaging/android/Qt/6.8.2/gcc_64/lib/libQt6WlShellIntegration.prl
2026-09-12 10:53:34,614 - aqt.updater - INFO - updater 139987565385600 Patching /home/angelo/giochi-coding/packaging/android/Qt/6.8.2/gcc_64/lib/libQt6SvgWidgets.prl
2026-09-12 10:53:34,615 - aqt.updater - INFO - updater 139987565385600 Patching /home/angelo/giochi-coding/packaging/android/Qt/6.8.2/gcc_64/lib/libQt6Xml.prl
2026-09-12 10:53:34,615 - aqt.updater - INFO - updater 139987565385600 Patching /home/angelo/giochi-coding/packaging/android/Qt/6.8.2/gcc_64/lib/libQt6QmlToolingSettings.prl
2026-09-12 10:53:34,615 - aqt.updater - INFO - updater 139987565385600 Patching /home/angelo/giochi-coding/packaging/android/Qt/6.8.2/gcc_64/lib/libQt6OpenGL.prl
2026-09-12 10:53:34,615 - aqt.updater - INFO - updater 139987565385600 Patching /home/angelo/giochi-coding/packaging/android/Qt/6.8.2/gcc_64/lib/libQt6LabsQmlModels.prl
2026-09-12 10:53:34,615 - aqt.updater - INFO - updater 139987565385600 Patching /home/angelo/giochi-coding/packaging/android/Qt/6.8.2/gcc_64/lib/libQt6InputSupport.prl
2026-09-12 10:53:34,615 - aqt.updater - INFO - updater 139987565385600 Patching /home/angelo/giochi-coding/packaging/android/Qt/6.8.2/gcc_64/lib/libQt6FbSupport.prl
2026-09-12 10:53:34,615 - aqt.updater - INFO - updater 139987565385600 Patching /home/angelo/giochi-coding/packaging/android/Qt/6.8.2/gcc_64/lib/libQt6QmlXmlListModel.prl
2026-09-12 10:53:34,615 - aqt.updater - INFO - updater 139987565385600 Patching /home/angelo/giochi-coding/packaging/android/Qt/6.8.2/gcc_64/lib/libQt6LabsSharedImage.prl
2026-09-12 10:53:34,615 - aqt.updater - INFO - updater 139987565385600 Patching /home/angelo/giochi-coding/packaging/android/Qt/6.8.2/gcc_64/lib/libQt6QuickLayouts.prl
2026-09-12 10:53:34,615 - aqt.updater - INFO - updater 139987565385600 Patching /home/angelo/giochi-coding/packaging/android/Qt/6.8.2/gcc_64/lib/libQt6QuickControls2FusionStyleImpl.prl
2026-09-12 10:53:34,616 - aqt.updater - INFO - updater 139987565385600 Patching /home/angelo/giochi-coding/packaging/android/Qt/6.8.2/gcc_64/lib/libQt6ShaderTools.prl
2026-09-12 10:53:34,616 - aqt.updater - INFO - updater 139987565385600 Patching /home/angelo/giochi-coding/packaging/android/Qt/6.8.2/gcc_64/lib/libQt6QuickControls2.prl
2026-09-12 10:53:34,616 - aqt.updater - INFO - updater 139987565385600 Patching /home/angelo/giochi-coding/packaging/android/Qt/6.8.2/gcc_64/lib/libQt6DBus.prl
2026-09-12 10:53:34,616 - aqt.updater - INFO - updater 139987565385600 Patching /home/angelo/giochi-coding/packaging/android/Qt/6.8.2/gcc_64/lib/libQt6QuickTemplates2.prl
2026-09-12 10:53:34,616 - aqt.updater - INFO - updater 139987565385600 Patching /home/angelo/giochi-coding/packaging/android/Qt/6.8.2/gcc_64/lib/libQt6PrintSupport.prl
2026-09-12 10:53:34,616 - aqt.updater - INFO - updater 139987565385600 Patching /home/angelo/giochi-coding/packaging/android/Qt/6.8.2/gcc_64/lib/libQt6WaylandEglClientHwIntegration.prl
2026-09-12 10:53:34,616 - aqt.updater - INFO - updater 139987565385600 Patching /home/angelo/giochi-coding/packaging/android/Qt/6.8.2/gcc_64/lib/libQt6QmlMeta.prl
2026-09-12 10:53:34,616 - aqt.updater - INFO - updater 139987565385600 Patching /home/angelo/giochi-coding/packaging/android/Qt/6.8.2/gcc_64/lib/libQt6KmsSupport.prl
2026-09-12 10:53:34,616 - aqt.updater - INFO - updater 139987565385600 Patching /home/angelo/giochi-coding/packaging/android/Qt/6.8.2/gcc_64/lib/libQt6MultimediaQuick.prl
2026-09-12 10:53:34,616 - aqt.updater - INFO - updater 139987565385600 Patching /home/angelo/giochi-coding/packaging/android/Qt/6.8.2/gcc_64/lib/libQt6QmlModels.prl
2026-09-12 10:53:34,616 - aqt.updater - INFO - updater 139987565385600 Patching /home/angelo/giochi-coding/packaging/android/Qt/6.8.2/gcc_64/lib/libQt6EglFSDeviceIntegration.prl
2026-09-12 10:53:34,616 - aqt.updater - INFO - updater 139987565385600 Patching /home/angelo/giochi-coding/packaging/android/Qt/6.8.2/gcc_64/lib/libQt6LabsPlatform.prl
2026-09-12 10:53:34,616 - aqt.updater - INFO - updater 139987565385600 Patching /home/angelo/giochi-coding/packaging/android/Qt/6.8.2/gcc_64/lib/libQt6Quick3DSpatialAudio.prl
2026-09-12 10:53:34,617 - aqt.updater - INFO - updater 139987565385600 Patching /home/angelo/giochi-coding/packaging/android/Qt/6.8.2/gcc_64/lib/libQt6QuickControls2UniversalStyleImpl.prl
2026-09-12 10:53:34,617 - aqt.updater - INFO - updater 139987565385600 Patching /home/angelo/giochi-coding/packaging/android/Qt/6.8.2/gcc_64/lib/libQt6Sql.prl
2026-09-12 10:53:34,617 - aqt.updater - INFO - updater 139987565385600 Patching /home/angelo/giochi-coding/packaging/android/Qt/6.8.2/gcc_64/lib/libQt6Quick.prl
2026-09-12 10:53:34,617 - aqt.updater - INFO - updater 139987565385600 Patching /home/angelo/giochi-coding/packaging/android/Qt/6.8.2/gcc_64/lib/libQt6WaylandClient.prl
2026-09-12 10:53:34,617 - aqt.updater - INFO - updater 139987565385600 Patching /home/angelo/giochi-coding/packaging/android/Qt/6.8.2/gcc_64/lib/libQt6QuickDialogs2QuickImpl.prl
2026-09-12 10:53:34,617 - aqt.updater - INFO - updater 139987565385600 Patching /home/angelo/giochi-coding/packaging/android/Qt/6.8.2/gcc_64/lib/libQt6QuickControls2FluentWinUI3StyleImpl.prl
2026-09-12 10:53:34,617 - aqt.updater - INFO - updater 139987565385600 Patching /home/angelo/giochi-coding/packaging/android/Qt/6.8.2/gcc_64/lib/libQt6Gui.prl
2026-09-12 10:53:34,617 - aqt.updater - INFO - updater 139987565385600 Patching /home/angelo/giochi-coding/packaging/android/Qt/6.8.2/gcc_64/lib/libQt6LabsSettings.prl
2026-09-12 10:53:34,617 - aqt.updater - INFO - updater 139987565385600 Patching /home/angelo/giochi-coding/packaging/android/Qt/6.8.2/gcc_64/lib/libQt6QmlLS.prl
2026-09-12 10:53:34,617 - aqt.updater - INFO - updater 139987565385600 Patching /home/angelo/giochi-coding/packaging/android/Qt/6.8.2/gcc_64/lib/libQt6QmlLocalStorage.prl
2026-09-12 10:53:34,617 - aqt.updater - INFO - updater 139987565385600 Patching /home/angelo/giochi-coding/packaging/android/Qt/6.8.2/gcc_64/lib/libQt6Multimedia.prl
2026-09-12 10:53:34,617 - aqt.updater - INFO - updater 139987565385600 Patching /home/angelo/giochi-coding/packaging/android/Qt/6.8.2/gcc_64/lib/libQt6QuickWidgets.prl
2026-09-12 10:53:34,618 - aqt.updater - INFO - updater 139987565385600 Patching /home/angelo/giochi-coding/packaging/android/Qt/6.8.2/gcc_64/lib/libQt6QmlWorkerScript.prl
2026-09-12 10:53:34,618 - aqt.updater - INFO - updater 139987565385600 Patching /home/angelo/giochi-coding/packaging/android/Qt/6.8.2/gcc_64/lib/libQt6EglFsKmsSupport.prl
2026-09-12 10:53:34,618 - aqt.updater - INFO - updater 139987565385600 Patching /home/angelo/giochi-coding/packaging/android/Qt/6.8.2/gcc_64/lib/libQt6DesignerComponents.prl
2026-09-12 10:53:34,618 - aqt.updater - INFO - updater 139987565385600 Patching /home/angelo/giochi-coding/packaging/android/Qt/6.8.2/gcc_64/lib/libQt6QuickVectorImageGenerator.prl
2026-09-12 10:53:34,618 - aqt.updater - INFO - updater 139987565385600 Patching /home/angelo/giochi-coding/packaging/android/Qt/6.8.2/gcc_64/lib/libQt6LabsWavefrontMesh.prl
2026-09-12 10:53:34,618 - aqt.updater - INFO - updater 139987565385600 Patching /home/angelo/giochi-coding/packaging/android/Qt/6.8.2/gcc_64/lib/libQt6QmlNetwork.prl
2026-09-12 10:53:34,618 - aqt.updater - INFO - updater 139987565385600 Patching /home/angelo/giochi-coding/packaging/android/Qt/6.8.2/gcc_64/lib/libQt6QuickControls2Material.prl
2026-09-12 10:53:34,618 - aqt.updater - INFO - updater 139987565385600 Patching /home/angelo/giochi-coding/packaging/android/Qt/6.8.2/gcc_64/lib/libQt6QuickControls2ImagineStyleImpl.prl
2026-09-12 10:53:34,618 - aqt.updater - INFO - updater 139987565385600 Patching /home/angelo/giochi-coding/packaging/android/Qt/6.8.2/gcc_64/lib/libQt6QuickControls2Basic.prl
2026-09-12 10:53:34,618 - aqt.updater - INFO - updater 139987565385600 Patching /home/angelo/giochi-coding/packaging/android/Qt/6.8.2/gcc_64/lib/libQt6Core.prl
2026-09-12 10:53:34,618 - aqt.updater - INFO - updater 139987565385600 Patching /home/angelo/giochi-coding/packaging/android/Qt/6.8.2/gcc_64/lib/libQt6QmlCompiler.prl
2026-09-12 10:53:34,619 - aqt.updater - INFO - updater 139987565385600 Patching /home/angelo/giochi-coding/packaging/android/Qt/6.8.2/gcc_64/lib/libQt6QmlDebug.prl
2026-09-12 10:53:34,619 - aqt.updater - INFO - updater 139987565385600 Patching /home/angelo/giochi-coding/packaging/android/Qt/6.8.2/gcc_64/lib/libQt6QuickControls2Imagine.prl
2026-09-12 10:53:34,619 - aqt.updater - INFO - updater 139987565385600 Patching /home/angelo/giochi-coding/packaging/android/Qt/6.8.2/gcc_64/lib/libQt6QuickVectorImage.prl
2026-09-12 10:53:34,619 - aqt.updater - INFO - updater 139987565385600 Patching /home/angelo/giochi-coding/packaging/android/Qt/6.8.2/gcc_64/lib/libQt6Qml.prl
2026-09-12 10:53:34,619 - aqt.updater - INFO - updater 139987565385600 Patching /home/angelo/giochi-coding/packaging/android/Qt/6.8.2/gcc_64/lib/libQt6ExamplesAssetDownloader.prl
2026-09-12 10:53:34,619 - aqt.updater - INFO - updater 139987565385600 Patching /home/angelo/giochi-coding/packaging/android/Qt/6.8.2/gcc_64/lib/libQt6QuickControls2MaterialStyleImpl.prl
2026-09-12 10:53:34,619 - aqt.updater - INFO - updater 139987565385600 Patching /home/angelo/giochi-coding/packaging/android/Qt/6.8.2/gcc_64/lib/libQt6QuickControls2Universal.prl
2026-09-12 10:53:34,619 - aqt.updater - INFO - updater 139987565385600 Patching /home/angelo/giochi-coding/packaging/android/Qt/6.8.2/gcc_64/lib/libQt6DeviceDiscoverySupport.prl
2026-09-12 10:53:34,619 - aqt.updater - INFO - updater 139987565385600 Patching /home/angelo/giochi-coding/packaging/android/Qt/6.8.2/gcc_64/lib/libQt6Designer.prl
2026-09-12 10:53:34,619 - aqt.updater - INFO - updater 139987565385600 Patching /home/angelo/giochi-coding/packaging/android/Qt/6.8.2/gcc_64/lib/libQt6QuickControls2BasicStyleImpl.prl
2026-09-12 10:53:34,619 - aqt.updater - INFO - updater 139987565385600 Patching /home/angelo/giochi-coding/packaging/android/Qt/6.8.2/gcc_64/lib/libQt6XcbQpa.prl
2026-09-12 10:53:34,620 - aqt.updater - INFO - updater 139987565385600 Patching /home/angelo/giochi-coding/packaging/android/Qt/6.8.2/gcc_64/lib/libQt6EglFsKmsGbmSupport.prl
2026-09-12 10:53:34,620 - aqt.updater - INFO - updater 139987565385600 Patching /home/angelo/giochi-coding/packaging/android/Qt/6.8.2/gcc_64/lib/libQt6QuickShapes.prl
2026-09-12 10:53:34,620 - aqt.updater - INFO - updater 139987565385600 Patching /home/angelo/giochi-coding/packaging/android/Qt/6.8.2/gcc_64/lib/libQt6SpatialAudio.prl
2026-09-12 10:53:34,620 - aqt.updater - INFO - updater 139987565385600 Patching /home/angelo/giochi-coding/packaging/android/Qt/6.8.2/gcc_64/lib/libQt6QuickControls2Impl.prl
2026-09-12 10:53:34,620 - aqt.updater - INFO - updater 139987565385600 Patching /home/angelo/giochi-coding/packaging/android/Qt/6.8.2/gcc_64/lib/libQt6QmlTypeRegistrar.prl
2026-09-12 10:53:34,620 - aqt.updater - INFO - updater 139987565385600 Patching /home/angelo/giochi-coding/packaging/android/Qt/6.8.2/gcc_64/lib/libQt6QmlDom.prl
2026-09-12 10:53:34,620 - aqt.updater - INFO - updater 139987565385600 Patching /home/angelo/giochi-coding/packaging/android/Qt/6.8.2/gcc_64/lib/libQt6Concurrent.prl
2026-09-12 10:53:34,620 - aqt.updater - INFO - updater 139987565385600 Patching /home/angelo/giochi-coding/packaging/android/Qt/6.8.2/gcc_64/lib/libQt6MultimediaTestLib.prl
2026-09-12 10:53:34,620 - aqt.updater - INFO - updater 139987565385600 Patching /home/angelo/giochi-coding/packaging/android/Qt/6.8.2/gcc_64/lib/libQt6QuickParticles.prl
2026-09-12 10:53:34,620 - aqt.updater - INFO - updater 139987565385600 Patching /home/angelo/giochi-coding/packaging/android/Qt/6.8.2/gcc_64/lib/libQt6QuickEffects.prl
2026-09-12 10:53:34,620 - aqt.updater - INFO - updater 139987565385600 Patching /home/angelo/giochi-coding/packaging/android/Qt/6.8.2/gcc_64/lib/libQt6QuickDialogs2.prl
2026-09-12 10:53:34,620 - aqt.updater - INFO - updater 139987565385600 Patching /home/angelo/giochi-coding/packaging/android/Qt/6.8.2/gcc_64/lib/libQt6QuickControlsTestUtils.prl
2026-09-12 10:53:34,621 - aqt.updater - INFO - updater 139987565385600 Patching /home/angelo/giochi-coding/packaging/android/Qt/6.8.2/gcc_64/lib/libQt6Test.prl
2026-09-12 10:53:34,621 - aqt.updater - INFO - updater 139987565385600 Patching /home/angelo/giochi-coding/packaging/android/Qt/6.8.2/gcc_64/lib/libQt6LabsAnimation.prl
2026-09-12 10:53:34,621 - aqt.updater - INFO - updater 139987565385600 Patching /home/angelo/giochi-coding/packaging/android/Qt/6.8.2/gcc_64/lib/libQt6Network.prl
2026-09-12 10:53:34,621 - aqt.updater - INFO - updater 139987565385600 Patching /home/angelo/giochi-coding/packaging/android/Qt/6.8.2/gcc_64/lib/libQt6MultimediaWidgets.prl
2026-09-12 10:53:34,621 - aqt.updater - INFO - updater 139987565385600 Patching /home/angelo/giochi-coding/packaging/android/Qt/6.8.2/gcc_64/lib/libQt6QmlCore.prl
2026-09-12 10:53:34,621 - aqt.updater - INFO - updater 139987565385600 Patching /home/angelo/giochi-coding/packaging/android/Qt/6.8.2/gcc_64/lib/libQt6UiTools.prl
2026-09-12 10:53:34,621 - aqt.updater - INFO - updater 139987565385600 Patching /home/angelo/giochi-coding/packaging/android/Qt/6.8.2/gcc_64/lib/libQt6QuickTest.prl
2026-09-12 10:53:34,621 - aqt.updater - INFO - updater 139987565385600 Patching /home/angelo/giochi-coding/packaging/android/Qt/6.8.2/gcc_64/lib/libQt6PacketProtocol.prl
2026-09-12 10:53:34,621 - aqt.updater - INFO - updater 139987565385600 Patching /home/angelo/giochi-coding/packaging/android/Qt/6.8.2/gcc_64/lib/libQt6Help.prl
2026-09-12 10:53:34,621 - aqt.updater - INFO - updater 139987565385600 Patching /home/angelo/giochi-coding/packaging/android/Qt/6.8.2/gcc_64/lib/libQt6ExampleIcons.prl
2026-09-12 10:53:34,621 - aqt.updater - INFO - updater 139987565385600 Patching /home/angelo/giochi-coding/packaging/android/Qt/6.8.2/gcc_64/lib/libQt6QuickDialogs2Utils.prl
2026-09-12 10:53:34,621 - aqt.updater - INFO - updater 139987565385600 Patching /home/angelo/giochi-coding/packaging/android/Qt/6.8.2/gcc_64/lib/libQt6LabsFolderListModel.prl
2026-09-12 10:53:34,622 - aqt.updater - INFO - updater 139987565385600 Patching /home/angelo/giochi-coding/packaging/android/Qt/6.8.2/gcc_64/lib/libQt6QuickControls2Fusion.prl
2026-09-12 10:53:34,622 - aqt.main - INFO - installer 139987565385600 Finished installation
2026-09-12 10:53:34,622 - aqt.main - INFO - installer 139987565385600 Time elapsed: 22.86130625 second
